Buffer size: 3268
node : PDF PARSE 
ERROR: Error
At line:1 char:1
+ node test_pdf.js > 
test_output.txt 2>&1 ; 
Get-Content 
test_output.txt ...
+ ~~~~~~~~~~~~~~~~~~~~~
~~~~~~~~~~~~~~~~~~
    + CategoryInfo     
         : NotSpecifi  
  ed: (PDF PARSE ERR   
 OR: Error:String)     
[], RemoteExceptio    n
    + FullyQualifiedEr 
   rorId : NativeComm  
  andError
 
    at UnknownErrorExce
ptionClosure (C:\Users\
diksh\OneDrive\Desktop\
healthlens-ai\backend\n
ode_modules\pdf-parse\l
ib\pdf.js\v1.10.100\bui
ld\pdf.js:443:37)
    at 
Object.<anonymous> (C:\
Users\diksh\OneDrive\De
sktop\healthlens-ai\bac
kend\node_modules\pdf-p
arse\lib\pdf.js\v1.10.1
00\build\pdf.js:446:2)
    at 
__w_pdfjs_require__ (C:
\Users\diksh\OneDrive\D
esktop\healthlens-ai\ba
ckend\node_modules\pdf-
parse\lib\pdf.js\v1.10.
100\build\pdf.js:45:30)
    at 
Object.<anonymous> (C:\
Users\diksh\OneDrive\De
sktop\healthlens-ai\bac
kend\node_modules\pdf-p
arse\lib\pdf.js\v1.10.1
00\build\pdf.js:7939:23
)
    at 
__w_pdfjs_require__ (C:
\Users\diksh\OneDrive\D
esktop\healthlens-ai\ba
ckend\node_modules\pdf-
parse\lib\pdf.js\v1.10.
100\build\pdf.js:45:30)
    at C:\Users\diksh\O
neDrive\Desktop\healthl
ens-ai\backend\node_mod
ules\pdf-parse\lib\pdf.
js\v1.10.100\build\pdf.
js:88:18
    at C:\Users\diksh\O
neDrive\Desktop\healthl
ens-ai\backend\node_mod
ules\pdf-parse\lib\pdf.
js\v1.10.100\build\pdf.
js:91:10
    at webpackUniversal
ModuleDefinition (C:\Us
ers\diksh\OneDrive\Desk
top\healthlens-ai\backe
nd\node_modules\pdf-par
se\lib\pdf.js\v1.10.100
\build\pdf.js:18:20)
    at 
Object.<anonymous> (C:\
Users\diksh\OneDrive\De
sktop\healthlens-ai\bac
kend\node_modules\pdf-p
arse\lib\pdf.js\v1.10.1
00\build\pdf.js:25:3)
    at Module._compile 
(node:internal/modules/
cjs/loader:1761:14) {
  message: 'bad XRef 
entry',
  details: 
'FormatError: bad XRef 
entry'
}
